
> arka-console@0.1.0 test:node
> node --test dist-tests/prompt-builder-rbac.test.js

TAP version 13
# Subtest: RBACGuard hides content when role not allowed
ok 1 - RBACGuard hides content when role not allowed
  ---
  duration_ms: 3.807281
  ...
# Subtest: RBACGuard shows content when role allowed
ok 2 - RBACGuard shows content when role allowed
  ---
  duration_ms: 1.526453
  ...
# Subtest: BadgeVersioned renders label
ok 3 - BadgeVersioned renders label
  ---
  duration_ms: 0.552541
  ...
1..3
# tests 3
# suites 0
# pass 3
# fail 0
# cancelled 0
# skipped 0
# todo 0
# duration_ms 165.33887
